// Vitest Snapshot v1, https://vitest.dev/guide/snapshot.html

exports[`Avatar component > should render without issues 1`] = `
<div>
  <form
    class="rce-container-input"
  >
    <div
      class="rce-input-content w-full relative"
    >
      <input
        class="rce-input w-full"
        name="chat-input"
        placeholder="Type here..."
        type="text"
        value=""
      />
    </div>
  </form>
</div>
`;
