// Vitest Snapshot v1, https://vitest.dev/guide/snapshot.html

exports[`Avatar component > should render without issues 1`] = `
<div>
  <div
    class="rce-dropdown-container"
  >
    <button
      class="rce-button"
      style="border-width: 2px; cursor: pointer; filter: none; flex-direction: row;"
      type="button"
    />
    <div
      class="rce-dropdown default rce-dropdown-open__northwest"
    >
      <ul />
    </div>
  </div>
</div>
`;
